-- REFERÊNCIAS:

* Via docker:

https://github.com/rocker-org/rocker-versioned/tree/master/rstudio
https://github.com/rocker-org/rocker-versioned/blob/master/tidyverse/Dockerfile

https://hub.docker.com/_/r-base/

https://hub.docker.com/r/civisanalytics/civis-jupyter-r/

- help:
https://www.rstudio.com/wp-content/uploads/2018/03/RStudio_Docker_3-9-2018.pdf
https://ropenscilabs.github.io/r-docker-tutorial/02-Launching-Docker.html

- Artigos:

https://www.codeguru.com/csharp/csharp/cs_internet/using-r-with-docker-engine.html
https://knausb.github.io/2017/06/running-r-in-docker/
https://journal.r-project.org/archive/2017/RJ-2017-065/RJ-2017-065.pdf

* Tutoriais:

https://ropenscilabs.github.io/r-docker-tutorial/
https://github.com/ropenscilabs/r-docker-tutorial

http://leg.ufpr.br/~paulojus/CE223/ce223/ce223.html#ce223se17.html

==========

1) Instalação (R com RStudio para o Navegador):

"https://hub.docker.com/r/rocker/rstudio/tags/"
"https://github.com/rocker-org/rocker/wiki/Using-the-RStudio-image"
"https://github.com/rocker-org/rocker/wiki"
"https://hub.docker.com/r/rocker/geospatial/"

==> "https://www.rocker-project.org/"

$ 
docker run -d --rm \
-p 127.0.0.1:8787:8787 \
-e USER=eu \
-e ROOT=TRUE \
-e PASSWORD=1234 \
-v $(pwd):/home/rstudio \
rocker/rstudio:3.5.1

ou 

$
docker run --rm \
-p 127.0.0.1:8787:8787 \
-e DISABLE_AUTH=true \
-v $(pwd):/home/rstudio \
rocker/rstudio:3.5.1

==> http://localhost:8787/

ou

$ docker run --rm -it --user rstudio rocker/rstudio /usr/bin/R

$ docker run --rm -it --user rstudio rocker/rstudio /bin/bash

$ docker run --rm -it -e ROOT=TRUE rstudio rocker/rstudio /bin/bash

$ docker ps
$ docker exec -it db827ce21486 /bin/bash
--> sudo apt-get update
--> sudo apt-get install libgsl0-dev # install the package, in this case GSL

$ docker run -d -p 8787:8787 -e ROOT=TRUE rocker/rstudio

Obs.: parar execução:

$ docker container ls
$ docker container stop 1914d1d1f0db

"OU":

** "OBSERVAÇÃO IMPORTANTE" (PARA INSTALAÇÃO NOVOS PACOTES E POSTERIOR UTILIZAÇÃO):

	$ docker run -d --rm -p 127.0.0.1:8787:8787 -e USER=eu -e ROOT=TRUE -e PASSWORD=1234 -v $(pwd):/home/rstudio rocker/rstudio:3.5.1
	//$ docker run --rm -it rocker/rstudio:3.5.1 /bin/bash
	$ docker ps -a
		CONTAINER ID        IMAGE               COMMAND             CREATED             STATUS              PORTS                      NAMES
		138a5956ab40        rocker/rstudio:3.5.1   "/init"             10 minutes ago      Up 10 minutes       127.0.0.1:8787->8787/tcp   elastic_borg

	$ docker commit 138a5956ab40 rocker/rstudio:3.5.1

	obs.: Caso dê erro quando:
	> install.packages(c("rJava", "xlsxjars", "xlsx"), dependencies = "TRUE")
	==> Ver observação de erro no java abaixo.


2) Instalação (R com libs via dockerfile):

Obs.: Em "https://github.com/rocker-org/rocker-versioned/tree/master/tidyverse" fazer download do arquivo "Dockerfile" e depois:

$ docker build -t rocker/tidyverse .

E depois da instalação:

$ docker run .


3) Instalação (terminal para R):

$ docker run -ti --rm r-base

R version 3.5.1 (2018-07-02) -- "Feather Spray"
Copyright (C) 2018 The R Foundation for Statistical Computing
Platform: x86_64-pc-linux-gnu (64-bit)

R is free software and comes with ABSOLUTELY NO WARRANTY.
You are welcome to redistribute it under certain conditions.
Type 'license()' or 'licence()' for distribution details.

  Natural language support but running in an English locale

R is a collaborative project with many contributors.
Type 'contributors()' for more information and
'citation()' on how to cite R or R packages in publications.

Type 'demo()' for some demos, 'help()' for on-line help, or
'help.start()' for an HTML browser interface to help.
Type 'q()' to quit R.

> 


==========================

"Observação": Quando ocorrer erro no Java (quando da instalação de pacote(s) do R no rstudio), fazer:

$ sudo R CMD javareconf

"OU":

/# sudo apt-get install vim
/# sudo vim /etc/apt/sources.list.d/java-8-debian.list

	deb http://ppa.launchpad.net/webupd8team/java/ubuntu trusty main
	deb-src http://ppa.launchpad.net/webupd8team/java/ubuntu trusty main

/# sudo apt-key adv --keyserver keyserver.ubuntu.com --recv-keys EEA14886

/# sudo apt-get update
/# sudo apt-get install oracle-java8-installer

/# sudo R CMD javareconf 

	Java interpreter : /usr/bin/java
	Java version     : 1.8.0_191
	Java home path   : /usr/lib/jvm/java-8-oracle/jre
	Java compiler    : /usr/bin/javac
	Java headers gen.: /usr/bin/javah
	Java archive tool: /usr/bin/jar

	trying to compile and link a JNI program 
	detected JNI cpp flags    : -I$(JAVA_HOME)/../include -I$(JAVA_HOME)/../include/linux
	detected JNI linker flags : -L$(JAVA_HOME)/lib/amd64/server -ljvm
	gcc -I"/usr/local/lib/R/include" -DNDEBUG -I/usr/lib/jvm/java-8-oracle/jre/../include -I/usr/lib/jvm/java-8-oracle/jre/../include/linux  -I/usr/local/include   -fpic  -g -O2 -fstack-protector-strong -Wformat -Werror=format-security -Wdate-time -D_FORTIFY_SOURCE=2 -g  -c conftest.c -o conftest.o
	gcc -shared -L/usr/local/lib/R/lib -L/usr/local/lib -o conftest.so conftest.o -L/usr/lib/jvm/java-8-oracle/jre/lib/amd64/server -ljvm -L/usr/local/lib/R/lib -lR


	JAVA_HOME        : /usr/lib/jvm/java-8-oracle/jre
	Java library path: $(JAVA_HOME)/lib/amd64/server
	JNI cpp flags    : -I$(JAVA_HOME)/../include -I$(JAVA_HOME)/../include/linux
	JNI linker flags : -L$(JAVA_HOME)/lib/amd64/server -ljvm
	Updating Java configuration in /usr/local/lib/R
	Done.

/# sudo apt-get install r-cran-rjava

/# sudo apt-get install libicu-dev libbz2-dev

/# sudo install2.r rJava

> R

install.packages(c("xlsxjars", "xlsx"))



