** Download do NodeJS:

https://nodejs.org/en/download/stable/

$ node-v5.9.1-linux-x86/bin/node
$ node-v5.9.1-linux-x86/bin/npm

xxxxxxxxxxxxxxxxxxxxxxxxxxxxxxxxxxxxxxxxxxxxxxxxxxxxxxxxxxxxxxxxxxxxxxxxxxxxxxxxxxxxxxxxxxxx

** (nodemon)
https://github.com/remy/nodemon

Precisamos reiniciar o servidor toda vez que realizarmos alterações.

Podemos resolver este problema usando o nodemon:

$ npm install nodemon -g

$ nodemon server.js

"ou"

//2500ms = 2.5s
$ nodemon --delay 2500ms server.js

O único detalhe é que somos obrigados a informar a extensão do arquivo.

xxxxxxxxxxxxxxxxxxxxxxxxxxxxxxxxxxxxxxxxxxxxxxxxxxxxxxxxxxxxxxxxxxxxxxxxxxxxxxxxxxxxxxxxxxxx

http://bower.io/
http://bower.io/docs/api/

$ npm install -g bower
$ bower --version

xxxxxxxxxxxxxxxxxxxxxxxxxxxxxxxxxxxxxxxxxxxxxxxxxxxxxxxxxxxxxxxxxxxxxxxxxxxxxxxxxxxxxxxxxxxx

** (ERRO: "bower ECMDERR ... bower ECMDERR Failed to execute "git ls-remote --tags --heads ") 
http://stackoverflow.com/questions/21789683/how-to-fix-bower-ecmderr

Para corrigir esse erro:

$ git config --global url."https://".insteadOf git://

xxxxxxxxxxxxxxxxxxxxxxxxxxxxxxxxxxxxxxxxxxxxxxxxxxxxxxxxxxxxxxxxxxxxxxxxxxxxxxxxxxxxxxxxxxxx

** Iniciando um projeto (full stack):

$ mkdir projeto/
$ cd projeto/

//
//Front-end
//

$ mkdir front_end/
$ cd front_end/

//Interactively create a bower.json file:
$ bower init

$ touch .bowerrc
$ echo "{\"directory\": \"public/bower_components\"}" >> .bowerrc 

// "--save" coloca bootstrap como dependência em bower.json
//passing the --save option, we instruct Bower to permanently store this package within its list of
//dependencies.
$ bower install bootstrap --save

//Finding Packages
$ bower search jquery

//
//To HTML References the jQuery Package Just Added:
//
<!DOCTYPE html>
<html lang="en">
<head>
<meta charset="utf-8">
<meta http-equiv="X-UA-Compatible" content="IE=edge">
<meta name="viewport" content="width=device-width, initial-scale=1">
<title>Bower Example</title>
</head>
<body>
    <div id="container"></div>
    <script src="public/bower_components/jquery/dist/jquery.min.js"></script>
    <script>
        $(document).ready(function() {
            $('#container').html('<p>Hello, world!</p>');
        });
    </script>
</body>
</html>

$ bower list
bower check-new     Checking for new versions of the project dependencies...

Obs.: 
1) "If we were to accidentally delete all of our project’s dependencies by removing the 
public/bower_components folder, we could easily restore our project to its previous state by issuing a single command, as
shown next."
(Para posteriores instalações das dependências "front_end" do "projeto")
$ bower install

2) As a result of this behavior, we have the option of ignoring our project’s /public/bower_components
folder within version control. By committing only Bower’s manifest, and not the dependencies themselves,
our project’s source code can be kept in a cleaner state, containing only files that pertain directly to our
own work.

//
//Back-end
//

$ mkdir back_end/
$ cd back_end/

//Interactively create a package.json file:
$ npm init

//Mongoose is a MongoDB object modeling tool designed to work in an asynchronous environment.
$ npm install mongoose -g --save

Obs.: para posteriores instalações das dependências "back_end" do "projeto":
$ npm install

xxxxxxxxxxxxxxxxxxxxxxxxxxxxxxxxxxxxxxxxxxxxxxxxxxxxxxxxxxxxxxxxxxxxxxxxxxxxxxxxxxxxxxxxxxxx

** grunt:
http://gruntjs.com/getting-started

//Installing the grunt Command-Line Utility via npm
//(installed Grunt’s command-line utility):
$ sudo npm install grunt-cli -g

//Na pasta do projeto
//(we still need to add a local grunt dependency to each 
//project we intend to use it with):
$ npm install grunt --save-dev

$ /usr/bin/grunt --version
//Resultado:
//grunt-cli v1.1.0
//grunt v0.4.5

//A list of all available Grunt plugins can be found at http://gruntjs.com/plugins. 
//Plugins whose names are prefixed with contrib- are officially maintained by the developers behind Grunt.
$ npm install grunt-contrib-uglify --save-dev
$ npm install grunt-contrib-concat --save-dev
$ npm install grunt-contrib-qunit --save-dev

xxxxxxxxxxxxxxxxxxxxxxxxxxxxxxxxxxxxxxxxxxxxxxxxxxxxxxxxxxxxxxxxxxxxxxxxxxxxxxxxxxxxxxxxxxxx

Links:

http://www.obomprogramador.com/2014/03/detone-usando-o-nodejs.html

http://www.obomprogramador.com/2014/07/para-ler-enquanto-o-seu-lobo-nao-vem.html
